// Jest Snapshot v1, https://goo.gl/fbAQLP

exports[`store:db:repositories/selectors when state have repositories, branches and commits getAllBranchesCommits 1`] = `[Function]`;
