// Jest Snapshot v1, https://goo.gl/fbAQLP

exports[`store:db/reducer returns initial state 1`] = `
Object {
  "commits": Object {},
  "repositories": Object {},
  "tokens": Object {},
  "users": Object {},
}
`;
