// Jest Snapshot v1, https://goo.gl/fbAQLP

exports[`store:db/updater returns initial state 1`] = `
Object {
  "builds": Object {
    "entities": Object {},
    "queue": Array [],
  },
  "commits": Object {},
  "repositories": Object {},
  "tokens": Object {},
  "users": Object {},
}
`;
